
Reset of group 'engineer' to the role preset's engineer
-------------------------------------------------------
  settings
    unchanged
  commands
    - copy         permit ^(running-config|startup-config|system:running-config) (startup-config|nvram:startup-config|(tftp|ftp|scp|sftp|http|https):|(flash|bootflash|usbflash\d*|harddisk):\S*\.(cfg|txt|conf))
    - copy         permit ^(flash|bootflash|crashinfo|core|harddisk|usbflash\d*|system):\S* (tftp|ftp|scp|sftp|http|https):
    - write        deny   ^erase
    - configure    permit ^terminal\b
    - boot         deny
    - license      deny
    - crypto       deny
    - aaa          deny
    - username     deny
    - enable       deny   ^(secret|password|algorithm-type|view)\b
    - tacacs       deny
    - tacacs-server deny
    - radius       deny
    - radius-server deny
    - snmp-server  deny
    - line         deny
    - login        deny
    - password     deny
    - privilege    deny
    - transport    deny
    - access-class deny
    - authentication deny
    - authorization deny
    - accounting   deny
    - service      deny   ^(password-encryption|password-recovery)\b
    - key          deny   ^config-key
    - ip           deny   ^(http|ssh|scp|ftp|tftp|tacacs|radius|access-list( \S+)? VTY-ACL\b)
    - event        deny
    - kron         deny
    - test         deny   ^aaa
    - debug        deny   ^all\b
    - clear        deny   ^(crypto|aaa|configuration)
    - no           deny   ^(aaa|username|enable (secret|password)|tacacs|tacacs-server|radius|radius-server|snmp-server|crypto|line|login|privilege|archive|boot|license|service (password-encryption|password-recovery)|key config-key|password|event|kron|ip (http|ssh|scp|ftp|tftp|tacacs|radius|access-list( \S+)? VTY-ACL\b))
    - default      deny   ^(aaa|username|enable (secret|password)|tacacs|tacacs-server|radius|radius-server|snmp-server|crypto|line|login|privilege|archive|boot|license|service (password-encryption|password-recovery)|key config-key|password|event|kron|ip (http|ssh|scp|ftp|tftp|tacacs|radius|access-list( \S+)? VTY-ACL\b))
    - do           deny   ^(reload|copy|delete|erase|format|write erase|request|install|archive|crypto|tclsh|license|configure|hw-module|redundancy|switch)\b
    + copy         permit ^((running-config|startup-config|system:running-config|nvram:startup-config) (startup-config|nvram:startup-config|(flash|bootflash|harddisk|disk\d|usbflash\d*):\S*|(tftp|ftp|scp|sftp|http|https):\S*))( .*)?$
    + copy         permit ^((flash|bootflash|harddisk|disk\d|usbflash\d*):\S* (tftp|ftp|scp|sftp|http|https):\S*)( .*)?$
    + write        deny   ^(erase)( .*)?$
    + mkdir        deny
    + rmdir        deny
    + archive      permit ^(config)( .*)?$
    + configure    permit ^(terminal|confirm|revert|replace (nvram|archive|flash|bootflash|harddisk|disk\d|usbflash\d*):\S*)( .*)?$
    + test         deny   ^(aaa)( .*)?$
    + debug        deny   ^(all|aaa|tacacs|radius)( .*)?$
    + clear        deny   ^(aaa|logging|archive)( .*)?$
    + do           deny   ^(reload|copy|delete|erase|format|fsck|rename|mkdir|rmdir|write erase|request|install|software|upgrade|issu|archive|configure|clear (aaa|logging|archive)|debug (all|aaa|tacacs|radius)|test aaa|tclsh|guestshell|app-hosting|iox|scripting|hw-module|redundancy|switch)( .*)?$
    ~ issu         deny  (moved)
  privileges
    unchanged
  junos
    deny-commands: 236/241 bytes -> 192/241 bytes
      - ^(request (system (reboot|halt|power-off|zeroize|software|snapshot|storage|scripts)|chassis routing-engine|vmhost|security)|start|load|op|file (copy|delete|rename|archive|show)|clear system login|restart (chassis|management).*)( .*)?$  (234 bytes)
      + ^(request (system|chassis routing-engine|vmhost|security)|start|load [^ ]+ [^t][^ ]*|op|file (copy|delete|rename|archive|show)|clear (system login|log)|restart (chassis|management).*)( .*)?$  (190 bytes)
    deny-configuration: 208/236 bytes -> none
      - ^(groups [^ ]+ )?(system (login|root-auth|authentication|tacplus|radius|accounting|services|scripts|archival|master|ports)|snmp|event-options|security (ike|ipsec|ssh|cert|pki)|interfaces (fxp0|em0|me0|vme))  (206 bytes)

[INFO] Dry run: nothing was written.
