
Reset of group 'engineer' to the role preset's engineer
-------------------------------------------------------
  settings
    group:           does not exist: it is created with Cisco priv-lvl 15 and Juniper class ENG-CLASS
    tacctl tier:     none -> engineer (set)
    WTI level:       none -> SuperUser (set)
  commands
    + reload       deny
    + copy         permit ^((running-config|startup-config|system:running-config|nvram:startup-config) (startup-config|nvram:startup-config|(flash|bootflash|harddisk|disk\d|usbflash\d*):\S*|(tftp|ftp|scp|sftp|http|https):\S*))( .*)?$
    + copy         permit ^((flash|bootflash|harddisk|disk\d|usbflash\d*):\S* (tftp|ftp|scp|sftp|http|https):\S*)( .*)?$
    + copy         deny
    + write        deny   ^(erase)( .*)?$
    + delete       deny
    + erase        deny
    + format       deny
    + fsck         deny
    + rename       deny
    + mkdir        deny
    + rmdir        deny
    + request      deny
    + install      deny
    + software     deny
    + upgrade      deny
    + issu         deny
    + archive      permit ^(config)( .*)?$
    + archive      deny
    + configure    permit ^(terminal|confirm|revert|replace (nvram|archive|flash|bootflash|harddisk|disk\d|usbflash\d*):\S*)( .*)?$
    + configure    deny
    + tclsh        deny
    + scripting    deny
    + guestshell   deny
    + app-hosting  deny
    + iox          deny
    + hw-module    deny
    + redundancy   deny
    + switch       deny
    + test         deny   ^(aaa)( .*)?$
    + debug        deny   ^(all|aaa|tacacs|radius)( .*)?$
    + clear        deny   ^(aaa|logging|archive)( .*)?$
    + do           deny   ^(reload|copy|delete|erase|format|fsck|rename|mkdir|rmdir|write erase|request|install|software|upgrade|issu|archive|configure|clear (aaa|logging|archive)|debug (all|aaa|tacacs|radius)|test aaa|tclsh|guestshell|app-hosting|iox|scripting|hw-module|redundancy|switch)( .*)?$
    + *            permit
  privileges
    unchanged
  junos
    deny-commands: none -> 192/241 bytes
      + ^(request (system|chassis routing-engine|vmhost|security)|start|load [^ ]+ [^t][^ ]*|op|file (copy|delete|rename|archive|show)|clear (system login|log)|restart (chassis|management).*)( .*)?$  (190 bytes)

[INFO] Dry run: nothing was written.
